Archive member included because of file (symbol)

c:/winavr-20100110/bin/../lib/gcc/avr/4.3.3/avr5\libgcc.a(_udivmodqi4.o)
                              ./Application/application.o (__udivmodqi4)
c:/winavr-20100110/bin/../lib/gcc/avr/4.3.3/avr5\libgcc.a(_exit.o)
                              c:/winavr-20100110/bin/../lib/gcc/avr/4.3.3/../../../../avr/lib/avr5/crtm16.o (exit)
c:/winavr-20100110/bin/../lib/gcc/avr/4.3.3/avr5\libgcc.a(_copy_data.o)
                              ./Application/application.o (__do_copy_data)
c:/winavr-20100110/bin/../lib/gcc/avr/4.3.3/avr5\libgcc.a(_clear_bss.o)
                              ./Application/application.o (__do_clear_bss)

Allocating common symbols
Common symbol       size              file

currentState        0x1               ./Application/application.o

Memory Configuration

Name             Origin             Length             Attributes
text             0x00000000         0x00020000         xr
data             0x00800060         0x0000ffa0         rw !x
eeprom           0x00810000         0x00010000         rw !x
fuse             0x00820000         0x00000400         rw !x
lock             0x00830000         0x00000400         rw !x
signature        0x00840000         0x00000400         rw !x
*default*        0x00000000         0xffffffff

Linker script and memory map

LOAD c:/winavr-20100110/bin/../lib/gcc/avr/4.3.3/../../../../avr/lib/avr5/crtm16.o
LOAD ./MCAL/Timer Driver/Timer.o
LOAD ./MCAL/External interrupt Driver/External_interrupt.o
LOAD ./MCAL/DIO Driver/DIO.o
LOAD ./HAL/LED Driver/LED.o
LOAD ./HAL/Button Driver/Button.o
LOAD ./Application/application.o
LOAD c:/winavr-20100110/bin/../lib/gcc/avr/4.3.3/avr5\libgcc.a
LOAD c:/winavr-20100110/bin/../lib/gcc/avr/4.3.3/../../../../avr/lib/avr5\libc.a
LOAD c:/winavr-20100110/bin/../lib/gcc/avr/4.3.3/avr5\libgcc.a

.hash
 *(.hash)

.dynsym
 *(.dynsym)

.dynstr
 *(.dynstr)

.gnu.version
 *(.gnu.version)

.gnu.version_d
 *(.gnu.version_d)

.gnu.version_r
 *(.gnu.version_r)

.rel.init
 *(.rel.init)

.rela.init
 *(.rela.init)

.rel.text
 *(.rel.text)
 *(.rel.text.*)
 *(.rel.gnu.linkonce.t*)

.rela.text
 *(.rela.text)
 *(.rela.text.*)
 *(.rela.gnu.linkonce.t*)

.rel.fini
 *(.rel.fini)

.rela.fini
 *(.rela.fini)

.rel.rodata
 *(.rel.rodata)
 *(.rel.rodata.*)
 *(.rel.gnu.linkonce.r*)

.rela.rodata
 *(.rela.rodata)
 *(.rela.rodata.*)
 *(.rela.gnu.linkonce.r*)

.rel.data
 *(.rel.data)
 *(.rel.data.*)
 *(.rel.gnu.linkonce.d*)

.rela.data
 *(.rela.data)
 *(.rela.data.*)
 *(.rela.gnu.linkonce.d*)

.rel.ctors
 *(.rel.ctors)

.rela.ctors
 *(.rela.ctors)

.rel.dtors
 *(.rel.dtors)

.rela.dtors
 *(.rela.dtors)

.rel.got
 *(.rel.got)

.rela.got
 *(.rela.got)

.rel.bss
 *(.rel.bss)

.rela.bss
 *(.rela.bss)

.rel.plt
 *(.rel.plt)

.rela.plt
 *(.rela.plt)

.text           0x00000000     0x1aa4
 *(.vectors)
 .vectors       0x00000000       0x54 c:/winavr-20100110/bin/../lib/gcc/avr/4.3.3/../../../../avr/lib/avr5/crtm16.o
                0x00000000                __vectors
                0x00000000                __vector_default
 *(.vectors)
 *(.progmem.gcc*)
 *(.progmem*)
                0x00000054                . = ALIGN (0x2)
                0x00000054                __trampolines_start = .
 *(.trampolines)
 .trampolines   0x00000054        0x0 linker stubs
 *(.trampolines*)
                0x00000054                __trampolines_end = .
 *(.jumptables)
 *(.jumptables*)
 *(.lowtext)
 *(.lowtext*)
                0x00000054                __ctors_start = .
 *(.ctors)
                0x00000054                __ctors_end = .
                0x00000054                __dtors_start = .
 *(.dtors)
                0x00000054                __dtors_end = .
 SORT(*)(.ctors)
 SORT(*)(.dtors)
 *(.init0)
 .init0         0x00000054        0x0 c:/winavr-20100110/bin/../lib/gcc/avr/4.3.3/../../../../avr/lib/avr5/crtm16.o
                0x00000054                __init
 *(.init0)
 *(.init1)
 *(.init1)
 *(.init2)
 .init2         0x00000054        0xc c:/winavr-20100110/bin/../lib/gcc/avr/4.3.3/../../../../avr/lib/avr5/crtm16.o
 *(.init2)
 *(.init3)
 *(.init3)
 *(.init4)
 .init4         0x00000060       0x16 c:/winavr-20100110/bin/../lib/gcc/avr/4.3.3/avr5\libgcc.a(_copy_data.o)
                0x00000060                __do_copy_data
 .init4         0x00000076       0x10 c:/winavr-20100110/bin/../lib/gcc/avr/4.3.3/avr5\libgcc.a(_clear_bss.o)
                0x00000076                __do_clear_bss
 *(.init4)
 *(.init5)
 *(.init5)
 *(.init6)
 *(.init6)
 *(.init7)
 *(.init7)
 *(.init8)
 *(.init8)
 *(.init9)
 .init9         0x00000086        0x8 c:/winavr-20100110/bin/../lib/gcc/avr/4.3.3/../../../../avr/lib/avr5/crtm16.o
 *(.init9)
 *(.text)
 .text          0x0000008e        0x4 c:/winavr-20100110/bin/../lib/gcc/avr/4.3.3/../../../../avr/lib/avr5/crtm16.o
                0x0000008e                __vector_12
                0x0000008e                __bad_interrupt
                0x0000008e                __vector_6
                0x0000008e                __vector_3
                0x0000008e                __vector_11
                0x0000008e                __vector_13
                0x0000008e                __vector_17
                0x0000008e                __vector_19
                0x0000008e                __vector_7
                0x0000008e                __vector_5
                0x0000008e                __vector_4
                0x0000008e                __vector_9
                0x0000008e                __vector_2
                0x0000008e                __vector_15
                0x0000008e                __vector_8
                0x0000008e                __vector_14
                0x0000008e                __vector_10
                0x0000008e                __vector_16
                0x0000008e                __vector_18
                0x0000008e                __vector_20
 .text          0x00000092        0x0 ./MCAL/Timer Driver/Timer.o
 .text          0x00000092        0x0 ./MCAL/External interrupt Driver/External_interrupt.o
 .text          0x00000092        0x0 ./MCAL/DIO Driver/DIO.o
 .text          0x00000092        0x0 ./HAL/LED Driver/LED.o
 .text          0x00000092        0x0 ./HAL/Button Driver/Button.o
 .text          0x00000092        0x0 ./Application/application.o
 .text          0x00000092        0x0 c:/winavr-20100110/bin/../lib/gcc/avr/4.3.3/avr5\libgcc.a(_udivmodqi4.o)
 .text          0x00000092        0x0 c:/winavr-20100110/bin/../lib/gcc/avr/4.3.3/avr5\libgcc.a(_exit.o)
 .text          0x00000092        0x0 c:/winavr-20100110/bin/../lib/gcc/avr/4.3.3/avr5\libgcc.a(_copy_data.o)
 .text          0x00000092        0x0 c:/winavr-20100110/bin/../lib/gcc/avr/4.3.3/avr5\libgcc.a(_clear_bss.o)
                0x00000092                . = ALIGN (0x2)
 *(.text.*)
 .text.Timer_init
                0x00000092      0x334 ./MCAL/Timer Driver/Timer.o
                0x00000092                Timer_init
 .text.Timer_start
                0x000003c6      0x430 ./MCAL/Timer Driver/Timer.o
                0x000003c6                Timer_start
 .text.Timer_read
                0x000007f6      0x176 ./MCAL/Timer Driver/Timer.o
                0x000007f6                Timer_read
 .text.Timer_reset
                0x0000096c      0x188 ./MCAL/Timer Driver/Timer.o
                0x0000096c                Timer_reset
 .text.EX_Interrupt_init
                0x00000af4      0x2d4 ./MCAL/External interrupt Driver/External_interrupt.o
                0x00000af4                EX_Interrupt_init
 .text.Interrupt_start
                0x00000dc8       0x10 ./MCAL/External interrupt Driver/External_interrupt.o
                0x00000dc8                Interrupt_start
 .text.DIO_init
                0x00000dd8      0x272 ./MCAL/DIO Driver/DIO.o
                0x00000dd8                DIO_init
 .text.DIO_write
                0x0000104a      0x272 ./MCAL/DIO Driver/DIO.o
                0x0000104a                DIO_write
 .text.DIO_read
                0x000012bc      0x130 ./MCAL/DIO Driver/DIO.o
                0x000012bc                DIO_read
 .text.DIO_toggle
                0x000013ec      0x122 ./MCAL/DIO Driver/DIO.o
                0x000013ec                DIO_toggle
 .text.LED_init
                0x0000150e       0x3a ./HAL/LED Driver/LED.o
                0x0000150e                LED_init
 .text.LED_on   0x00001548       0x3a ./HAL/LED Driver/LED.o
                0x00001548                LED_on
 .text.LED_off  0x00001582       0x3a ./HAL/LED Driver/LED.o
                0x00001582                LED_off
 .text.LED_toggle
                0x000015bc       0x38 ./HAL/LED Driver/LED.o
                0x000015bc                LED_toggle
 .text.Button_init
                0x000015f4       0x3a ./HAL/Button Driver/Button.o
                0x000015f4                Button_init
 .text.Button_read
                0x0000162e       0x48 ./HAL/Button Driver/Button.o
                0x0000162e                Button_read
 .text.__vector_1
                0x00001676       0x54 ./Application/application.o
                0x00001676                __vector_1
 .text.main     0x000016ca       0x68 ./Application/application.o
                0x000016ca                main
 .text.Pedestrians_Mode
                0x00001732      0x174 ./Application/application.o
                0x00001732                Pedestrians_Mode
 .text.Normal_Mode
                0x000018a6       0xd8 ./Application/application.o
                0x000018a6                Normal_Mode
 .text.carsTrafficRed_ON
                0x0000197e       0x26 ./Application/application.o
                0x0000197e                carsTrafficRed_ON
 .text.carsTrafficYellow_ON
                0x000019a4       0x26 ./Application/application.o
                0x000019a4                carsTrafficYellow_ON
 .text.carsTrafficGreen_ON
                0x000019ca       0x26 ./Application/application.o
                0x000019ca                carsTrafficGreen_ON
 .text.pedestriansTrafficRed_ON
                0x000019f0       0x26 ./Application/application.o
                0x000019f0                pedestriansTrafficRed_ON
 .text.pedestriansTrafficYellow_ON
                0x00001a16       0x26 ./Application/application.o
                0x00001a16                pedestriansTrafficYellow_ON
 .text.pedestriansTrafficGreen_ON
                0x00001a3c       0x26 ./Application/application.o
                0x00001a3c                pedestriansTrafficGreen_ON
 .text.pedestriansTraffic_OFF
                0x00001a62       0x26 ./Application/application.o
                0x00001a62                pedestriansTraffic_OFF
 .text.libgcc   0x00001a88       0x18 c:/winavr-20100110/bin/../lib/gcc/avr/4.3.3/avr5\libgcc.a(_udivmodqi4.o)
                0x00001a88                __udivmodqi4
 .text.libgcc   0x00001aa0        0x0 c:/winavr-20100110/bin/../lib/gcc/avr/4.3.3/avr5\libgcc.a(_exit.o)
 .text.libgcc   0x00001aa0        0x0 c:/winavr-20100110/bin/../lib/gcc/avr/4.3.3/avr5\libgcc.a(_copy_data.o)
 .text.libgcc   0x00001aa0        0x0 c:/winavr-20100110/bin/../lib/gcc/avr/4.3.3/avr5\libgcc.a(_clear_bss.o)
                0x00001aa0                . = ALIGN (0x2)
 *(.fini9)
 .fini9         0x00001aa0        0x0 c:/winavr-20100110/bin/../lib/gcc/avr/4.3.3/avr5\libgcc.a(_exit.o)
                0x00001aa0                exit
                0x00001aa0                _exit
 *(.fini9)
 *(.fini8)
 *(.fini8)
 *(.fini7)
 *(.fini7)
 *(.fini6)
 *(.fini6)
 *(.fini5)
 *(.fini5)
 *(.fini4)
 *(.fini4)
 *(.fini3)
 *(.fini3)
 *(.fini2)
 *(.fini2)
 *(.fini1)
 *(.fini1)
 *(.fini0)
 .fini0         0x00001aa0        0x4 c:/winavr-20100110/bin/../lib/gcc/avr/4.3.3/avr5\libgcc.a(_exit.o)
 *(.fini0)
                0x00001aa4                _etext = .

.data           0x00800060        0x2 load address 0x00001aa4
                0x00800060                PROVIDE (__data_start, .)
 *(.data)
 .data          0x00800060        0x0 c:/winavr-20100110/bin/../lib/gcc/avr/4.3.3/../../../../avr/lib/avr5/crtm16.o
 .data          0x00800060        0x0 ./MCAL/Timer Driver/Timer.o
 .data          0x00800060        0x0 ./MCAL/External interrupt Driver/External_interrupt.o
 .data          0x00800060        0x0 ./MCAL/DIO Driver/DIO.o
 .data          0x00800060        0x0 ./HAL/LED Driver/LED.o
 .data          0x00800060        0x0 ./HAL/Button Driver/Button.o
 .data          0x00800060        0x0 ./Application/application.o
 .data          0x00800060        0x0 c:/winavr-20100110/bin/../lib/gcc/avr/4.3.3/avr5\libgcc.a(_udivmodqi4.o)
 .data          0x00800060        0x0 c:/winavr-20100110/bin/../lib/gcc/avr/4.3.3/avr5\libgcc.a(_exit.o)
 .data          0x00800060        0x0 c:/winavr-20100110/bin/../lib/gcc/avr/4.3.3/avr5\libgcc.a(_copy_data.o)
 .data          0x00800060        0x0 c:/winavr-20100110/bin/../lib/gcc/avr/4.3.3/avr5\libgcc.a(_clear_bss.o)
 *(.data*)
 .data.timerFlag
                0x00800060        0x1 ./Application/application.o
                0x00800060                timerFlag
 *(.rodata)
 *(.rodata*)
 *(.gnu.linkonce.d*)
                0x00800062                . = ALIGN (0x2)
 *fill*         0x00800061        0x1 00
                0x00800062                _edata = .
                0x00800062                PROVIDE (__data_end, .)

.bss            0x00800062        0x4
                0x00800062                PROVIDE (__bss_start, .)
 *(.bss)
 .bss           0x00800062        0x0 c:/winavr-20100110/bin/../lib/gcc/avr/4.3.3/../../../../avr/lib/avr5/crtm16.o
 .bss           0x00800062        0x0 ./MCAL/Timer Driver/Timer.o
 .bss           0x00800062        0x0 ./MCAL/External interrupt Driver/External_interrupt.o
 .bss           0x00800062        0x0 ./MCAL/DIO Driver/DIO.o
 .bss           0x00800062        0x0 ./HAL/LED Driver/LED.o
 .bss           0x00800062        0x0 ./HAL/Button Driver/Button.o
 .bss           0x00800062        0x0 ./Application/application.o
 .bss           0x00800062        0x0 c:/winavr-20100110/bin/../lib/gcc/avr/4.3.3/avr5\libgcc.a(_udivmodqi4.o)
 .bss           0x00800062        0x0 c:/winavr-20100110/bin/../lib/gcc/avr/4.3.3/avr5\libgcc.a(_exit.o)
 .bss           0x00800062        0x0 c:/winavr-20100110/bin/../lib/gcc/avr/4.3.3/avr5\libgcc.a(_copy_data.o)
 .bss           0x00800062        0x0 c:/winavr-20100110/bin/../lib/gcc/avr/4.3.3/avr5\libgcc.a(_clear_bss.o)
 *(.bss*)
 .bss.timerValue
                0x00800062        0x1 ./Application/application.o
                0x00800062                timerValue
 .bss.pressFlag
                0x00800063        0x1 ./Application/application.o
                0x00800063                pressFlag
 .bss.pressValue
                0x00800064        0x1 ./Application/application.o
                0x00800064                pressValue
 *(COMMON)
 COMMON         0x00800065        0x1 ./Application/application.o
                0x00800065                currentState
                0x00800066                PROVIDE (__bss_end, .)
                0x00001aa4                __data_load_start = LOADADDR (.data)
                0x00001aa6                __data_load_end = (__data_load_start + SIZEOF (.data))

.noinit         0x00800066        0x0
                0x00800066                PROVIDE (__noinit_start, .)
 *(.noinit*)
                0x00800066                PROVIDE (__noinit_end, .)
                0x00800066                _end = .
                0x00800066                PROVIDE (__heap_start, .)

.eeprom         0x00810000        0x0
 *(.eeprom*)
                0x00810000                __eeprom_end = .

.fuse
 *(.fuse)
 *(.lfuse)
 *(.hfuse)
 *(.efuse)

.lock
 *(.lock*)

.signature
 *(.signature*)

.stab           0x00000000     0x2778
 *(.stab)
 .stab          0x00000000      0xa74 ./MCAL/Timer Driver/Timer.o
 .stab          0x00000a74      0x5d0 ./MCAL/External interrupt Driver/External_interrupt.o
                                0x5dc (size before relaxing)
 .stab          0x00001044      0x660 ./MCAL/DIO Driver/DIO.o
                                0x66c (size before relaxing)
 .stab          0x000016a4      0x3fc ./HAL/LED Driver/LED.o
                                0x408 (size before relaxing)
 .stab          0x00001aa0      0x2e8 ./HAL/Button Driver/Button.o
                                0x2f4 (size before relaxing)
 .stab          0x00001d88      0x9f0 ./Application/application.o
                                0xa38 (size before relaxing)

.stabstr        0x00000000     0x1991
 *(.stabstr)
 .stabstr       0x00000000     0x1991 ./MCAL/Timer Driver/Timer.o

.stab.excl
 *(.stab.excl)

.stab.exclstr
 *(.stab.exclstr)

.stab.index
 *(.stab.index)

.stab.indexstr
 *(.stab.indexstr)

.comment
 *(.comment)

.debug
 *(.debug)

.line
 *(.line)

.debug_srcinfo
 *(.debug_srcinfo)

.debug_sfnames
 *(.debug_sfnames)

.debug_aranges
 *(.debug_aranges)

.debug_pubnames
 *(.debug_pubnames)

.debug_info
 *(.debug_info)
 *(.gnu.linkonce.wi.*)

.debug_abbrev
 *(.debug_abbrev)

.debug_line
 *(.debug_line)

.debug_frame
 *(.debug_frame)

.debug_str
 *(.debug_str)

.debug_loc
 *(.debug_loc)

.debug_macinfo
 *(.debug_macinfo)
OUTPUT(Project_2.elf elf32-avr)
LOAD linker stubs
